Load Map - Wed Apr 03 19:49:54 BST 2019

Main class:       RBV2019
Classes:          65
Interfaces:       8
Methods:          182
Constants:        92
Instance fields:  107
Static fields:    34
Static data size: 142
Code size:        9154
Start address:    8000
End address:      a3c1

80fe 80ff java.lang.Object.<init>()
8104 8117 java.lang.Object.getClass()
8121 8135 java.lang.Object.clone()
813f 8163 java.lang.Object.toString()
824a 825b java.lang.Thread.run()
8260 8266 java.lang.Thread.setName(java.lang.String)
826a 8295 java.lang.Thread.sleep(long)
8299 829e java.lang.Thread.<clinit>()
82ac 82b2 java.lang.Thread.<init>()
82b6 82ce java.lang.Thread.<init>(java.lang.Runnable)
82d7 82f6 java.lang.Thread.<init>(java.lang.Runnable, java.lang.String)
8300 8330 java.lang.Thread.toString()
8335 833a java.lang.Thread.getName()
8394 83d3 com.ridgesoft.intellibrain.StartupThread.run()
841f 8429 java.lang.String.createString(byte[])
842d 843c java.lang.String.<init>(byte[], int)
8440 8451 java.lang.String.<init>()
8455 846a java.lang.String.<init>(byte[])
846f 847a java.lang.String.getBytes()
847f 8485 java.lang.String.length()
848a 84ac java.lang.String.getBytes(int, int, byte[], int)
84b0 84e0 java.lang.String.<init>(char[], int, int)
84e4 850e java.lang.String.<init>(byte[], int, int)
8512 8517 java.lang.String.valueOf(java.lang.Object)
851c 851e java.lang.String.toString()
85b2 86b0 java.lang.Throwable.vmThrow(int)
86bc 86e1 java.lang.Throwable.<init>()
86ee 8793 java.lang.Throwable.printStackTrace()
8797 87be java.lang.Throwable.<clinit>()
87c7 87cf java.lang.Throwable.init()
87db 881d java.lang.Throwable.<init>(java.lang.String)
88c3 88cd java.lang.InternalError.<init>()
88d1 88dc java.lang.InternalError.<init>(java.lang.String)
890b 8915 java.lang.OutOfMemoryError.<init>()
8919 8924 java.lang.OutOfMemoryError.<init>(java.lang.String)
8955 895f java.lang.StackOverflowError.<init>()
8963 896e java.lang.StackOverflowError.<init>(java.lang.String)
8d4f 8deb RBV2019.main(java.lang.String[])
8def 8e83 RBV2019.navigateRightState()
8e87 8e8c RBV2019.<clinit>()
8e90 8eaf RBV2019.getDistance(com.ridgesoft.robotics.RangeFinder)
8eb3 8ed3 RBV2019.rotateAngle(int)
8ed7 8eee RBV2019.move(int, int)
8efa 8f08 RBV2019.wait(int)
8f0c 8f20 RBV2019.rotate(int)
8f24 8f35 RBV2019.stop()
8f69 8f7f java.io.OutputStream.write(byte[])
8f89 8f8a java.io.OutputStream.flush()
8f8f 8fad java.io.OutputStream.write(byte[], int, int)
8fe8 8ff2 java.io.FilterOutputStream.<init>(java.io.OutputStream)
8ff7 9000 java.io.FilterOutputStream.write(byte[])
9005 900e java.io.FilterOutputStream.write(int)
9013 901b java.io.FilterOutputStream.flush()
9020 902b java.io.FilterOutputStream.write(byte[], int, int)
905e 9069 java.io.PrintStream.<init>(java.io.OutputStream)
906e 9078 java.io.PrintStream.println(java.lang.String)
9085 909c java.io.PrintStream.print(java.lang.String)
90a9 90c3 java.io.PrintStream.println()
90fd 910c com.ridgesoft.io.OutputStreamTee.<init>(java.io.OutputStream, java.io.OutputStream)
9120 9139 com.ridgesoft.io.OutputStreamTee.write(byte[])
914d 9166 com.ridgesoft.io.OutputStreamTee.write(int)
917a 9191 com.ridgesoft.io.OutputStreamTee.flush()
91a5 91c2 com.ridgesoft.io.OutputStreamTee.write(byte[], int, int)
9211 9274 com.ridgesoft.io.DisplayOutputStream.<init>(com.ridgesoft.io.Display)
9278 9285 com.ridgesoft.io.DisplayOutputStream.<clinit>()
928a 9293 com.ridgesoft.io.DisplayOutputStream.write(byte[])
9298 92e5 com.ridgesoft.io.DisplayOutputStream.write(int)
92ea 9316 com.ridgesoft.io.DisplayOutputStream.flush()
931b 9327 com.ridgesoft.io.DisplayOutputStream.write(byte[], int, int)
932b 93a9 com.ridgesoft.io.DisplayOutputStream.scroll()
93f2 93f7 com.ridgesoft.vm.DebugOutputStream.<clinit>()
93fc 9405 com.ridgesoft.vm.DebugOutputStream.write(byte[])
940a 9453 com.ridgesoft.vm.DebugOutputStream.write(int)
9460 9481 com.ridgesoft.vm.DebugOutputStream.flush()
9486 9492 com.ridgesoft.vm.DebugOutputStream.write(byte[], int, int)
94b5 94b9 com.ridgesoft.vm.VM.getDebugOutputStream()
94d1 94e0 com.ridgesoft.vm.VM.<clinit>()
94e4 94f3 com.ridgesoft.vm.VM.isSet(int, int)
9546 955d com.ridgesoft.intellibrain.IntelliBrain.getOutputStream()
9561 95a4 com.ridgesoft.intellibrain.IntelliBrain.getServo(int)
95a8 963d com.ridgesoft.intellibrain.IntelliBrain.getDigitalIO(int)
9641 96b6 com.ridgesoft.intellibrain.IntelliBrain.getAnalogInput(int)
96ba 96ce com.ridgesoft.intellibrain.IntelliBrain.getLcdDisplay()
96d2 978d com.ridgesoft.intellibrain.IntelliBrain.getPinPortData(byte)
9791 9798 com.ridgesoft.intellibrain.IntelliBrain.<clinit>()
97a4 984a com.ridgesoft.intellibrain.IntelliBrain.initialize()
987b 9880 java.lang.System.setOut(java.io.PrintStream)
9884 9889 java.lang.System.setErr(java.io.PrintStream)
98fc 991a com.ridgesoft.robotics.ContinuousRotationServo.<init>(com.ridgesoft.robotics.Servo, boolean, int)
991f 999c com.ridgesoft.robotics.ContinuousRotationServo.setPower(int)
99a1 99ab com.ridgesoft.robotics.ContinuousRotationServo.stop()
9a10 9a22 com.ridgesoft.robotics.SonarRangeFinder.getDistanceCm()
9a5e 9a72 com.ridgesoft.robotics.sensors.ParallaxPing.<init>(com.ridgesoft.robotics.PulseInput)
9a77 9a86 com.ridgesoft.robotics.sensors.ParallaxPing.ping()
9a8b 9aa6 com.ridgesoft.robotics.sensors.ParallaxPing.getEchoDelay()
9af1 9b22 com.ridgesoft.intellibrain.IntelliBrainPinPort.setPullUp(boolean)
9b26 9b35 com.ridgesoft.intellibrain.IntelliBrainPinPort.<init>(com.ridgesoft.intellibrain.IntelliBrainPinPortData)
9bae 9bbe com.ridgesoft.intellibrain.IntelliBrainDigitalIO.<init>(com.ridgesoft.intellibrain.IntelliBrainPinPortData, boolean)
9bc3 9bee com.ridgesoft.intellibrain.IntelliBrainDigitalIO.isSet()
9bf3 9c2c com.ridgesoft.intellibrain.IntelliBrainDigitalIO.enablePulseMeasurement(boolean)
9c36 9c3e com.ridgesoft.intellibrain.IntelliBrainDigitalIO.toString()
9c43 9c6e com.ridgesoft.intellibrain.IntelliBrainDigitalIO.pulse(int)
9c78 9c8d com.ridgesoft.intellibrain.IntelliBrainDigitalIO.readPulseDuration()
9cd2 9cde com.ridgesoft.intellibrain.IntelliBrainExpDigitalIO.<init>(com.ridgesoft.intellibrain.IntelliBrainPinPortData)
9ce3 9cf0 com.ridgesoft.intellibrain.IntelliBrainExpDigitalIO.setPullUp(boolean)
9d30 9d3b com.ridgesoft.intellibrain.IntelliBrainAnalogInput.sample()
9d3f 9d46 com.ridgesoft.intellibrain.IntelliBrainAnalogInput.<clinit>()
9d4a 9d6e com.ridgesoft.intellibrain.IntelliBrainAnalogInput.sample(byte)
9d72 9d7b com.ridgesoft.intellibrain.IntelliBrainAnalogInput.enableAToD()
9d80 9d88 com.ridgesoft.intellibrain.IntelliBrainAnalogInput.toString()
9dcd 9de2 com.ridgesoft.intellibrain.IntelliBrainExpAnalogInput.<init>(com.ridgesoft.intellibrain.IntelliBrainPinPortData, byte, boolean)
9de7 9e00 com.ridgesoft.intellibrain.IntelliBrainExpAnalogInput.setPullUp(boolean)
9e05 9e0a com.ridgesoft.intellibrain.IntelliBrainExpAnalogInput.sample()
9e0e 9e2f com.ridgesoft.intellibrain.IntelliBrainExpAnalogInput.expansionSample(com.ridgesoft.intellibrain.IntelliBrainExpAnalogInput)
9e38 9e3e com.ridgesoft.intellibrain.IntelliBrainExpAnalogInput.setMuxPortPullUp(boolean)
9e89 9e8e java.lang.Class.getName()
9e92 9e9c java.lang.Class.<init>(java.lang.String)
9f04 9f1f java.lang.StringBuilder.<init>(java.lang.String)
9f24 9f4d java.lang.StringBuilder.append(java.lang.String)
9f52 9f63 java.lang.StringBuilder.toString()
9f67 9f79 java.lang.StringBuilder.<init>()
9f7e 9fd9 java.lang.StringBuilder.append(int)
9fde a017 java.lang.StringBuilder.ensureCapacity(int)
a01c a049 java.lang.StringBuilder.append(char[], int, int)
a04e a060 java.lang.StringBuilder.append(boolean)
a087 a0cb java.lang.Integer.toHexString(int)
a0d0 a0d8 java.lang.Integer.toString()
a0dc a0eb java.lang.Integer.toString(int)
a127 a132 com.ridgesoft.intellibrain.IntelliBrainServo.<init>(int)
a137 a140 com.ridgesoft.intellibrain.IntelliBrainServo.off()
a145 a14e com.ridgesoft.intellibrain.IntelliBrainServo.setPosition(int)
a206 a226 com.ridgesoft.intellibrain.IntelliBrainPinPortData.<init>(byte, short, short, short, byte)
a291 a29b com.ridgesoft.io.Display.print(int, java.lang.String)
a2a0 a2a5 com.ridgesoft.io.Display.getWidth()
a2aa a2af com.ridgesoft.io.Display.getHeight()
a2b3 a2c4 com.ridgesoft.io.Display.<init>(int, int)
a2c9 a2fd com.ridgesoft.io.Display.print(int, byte[])
a337 a33f com.ridgesoft.intellibrain.IntelliBrainDisplay.<init>()
a344 a34b com.ridgesoft.intellibrain.IntelliBrainDisplay.printChar(int, int, byte)
a3a6 a3b5 java.lang.Boolean.toString(boolean)
a3ba a3c2 java.lang.Boolean.toString()
